../Core/Src/main.c:97:5:main	8	static
../Core/Src/main.c:188:6:SystemClock_Config	88	static
../Core/Src/main.c:235:13:MX_TIM3_Init	32	static
../Core/Src/main.c:280:13:MX_TIM4_Init	64	static
../Core/Src/main.c:337:13:MX_DMA_Init	16	static
../Core/Src/main.c:355:13:MX_GPIO_Init	40	static
../Core/Src/main.c:420:6:test_task_fun	16	static
../Core/Src/main.c:439:6:DistanceSensorTask_Init	16	static
../Core/Src/main.c:453:6:streaming_task_entry	24	static
../Core/Src/main.c:477:6:HAL_TIM_PeriodElapsedCallback	16	static
../Core/Src/main.c:496:6:Error_Handler	4	static,ignoring_inline_asm
